[INFO] Scanning for projects...
[INFO] 
[INFO] -----------------------< uy.volandouy:volandouy >-----------------------
[INFO] Building volandouy 1.0-SNAPSHOT
[INFO]   from pom.xml
[INFO] --------------------------------[ war ]---------------------------------
[INFO] 
[INFO] --- clean:3.3.2:clean (default-clean) @ volandouy ---
[INFO] Deleting C:\Users\Usuario\Documents\UTEC\volando_uy\volando_web\target
[INFO] 
[INFO] --- jaxws:4.0.2:wsimport (ws-sistema) @ volandouy ---
[INFO] Processing: http://localhost:8090/Sistema?wsdl
[INFO] jaxws:wsimport args: [-keep, -s, 'C:\Users\Usuario\Documents\UTEC\volando_uy\volando_web\target\generated-sources\wsimport', -d, 'C:\Users\Usuario\Documents\UTEC\volando_uy\volando_web\target\classes', -encoding, UTF-8, -extension, -Xnocompile, -p, publicadores, -target, 3.0, "http://localhost:8090/Sistema?wsdl"]
parsing WSDL...

Generating code...
[INFO] 
[INFO] --- resources:3.3.1:resources (default-resources) @ volandouy ---
[INFO] Copying 1 resource from src\main\resources to target\classes
[INFO] Copying 8 resources from src\main\resources to target\classes
[INFO] 
[INFO] --- compiler:3.11.0:compile (default-compile) @ volandouy ---
[INFO] Changes detected - recompiling the module! :source
[INFO] Compiling 194 source files with javac [debug release 17] to target\classes
[INFO] -------------------------------------------------------------
[ERROR] COMPILATION ERROR : 
[INFO] -------------------------------------------------------------
[ERROR] /C:/Users/Usuario/Documents/UTEC/volando_uy/volando_web/src/main/java/org/utec/volandouy/web/servlets/testServlet.java:[13,9] cannot find symbol
  symbol:   class Sistema
  location: class org.utec.volandouy.web.servlets.testServlet
[ERROR] /C:/Users/Usuario/Documents/UTEC/volando_uy/volando_web/src/main/java/org/utec/volandouy/web/servlets/testServlet.java:[7,1] package sistema does not exist
[ERROR] /C:/Users/Usuario/Documents/UTEC/volando_uy/volando_web/src/main/java/org/utec/volandouy/web/servlets/ConsultaCheckinServlet.java:[109,75] cannot find symbol
  symbol:   class DocumentException
  location: class org.utec.volandouy.web.servlets.ConsultaCheckinServlet
[ERROR] /C:/Users/Usuario/Documents/UTEC/volando_uy/volando_web/src/main/java/org/utec/volandouy/web/servlets/ConsultaCheckinServlet.java:[4,1] package jakarta.persistence does not exist
[ERROR] /C:/Users/Usuario/Documents/UTEC/volando_uy/volando_web/src/main/java/org/utec/volandouy/web/servlets/ConsultaCheckinServlet.java:[15,1] package com.itextpdf.text does not exist
[ERROR] /C:/Users/Usuario/Documents/UTEC/volando_uy/volando_web/src/main/java/org/utec/volandouy/web/servlets/ConsultaCheckinServlet.java:[16,1] package com.itextpdf.text.pdf does not exist
[ERROR] /C:/Users/Usuario/Documents/UTEC/volando_uy/volando_web/src/main/java/org/utec/volandouy/web/servlets/ModUserServlet.java:[9,27] package org.mindrot.jbcrypt does not exist
[ERROR] /C:/Users/Usuario/Documents/UTEC/volando_uy/volando_web/src/main/java/org/utec/volandouy/web/servlets/ModUserServlet.java:[10,18] package data_types does not exist
[ERROR] /C:/Users/Usuario/Documents/UTEC/volando_uy/volando_web/src/main/java/org/utec/volandouy/web/servlets/testServlet.java:[13,21] cannot find symbol
  symbol:   variable Sistema
  location: class org.utec.volandouy.web.servlets.testServlet
[ERROR] /C:/Users/Usuario/Documents/UTEC/volando_uy/volando_web/src/main/java/org/utec/volandouy/web/servlets/ConsultaCheckinServlet.java:[110,9] cannot find symbol
  symbol:   class Document
  location: class org.utec.volandouy.web.servlets.ConsultaCheckinServlet
[ERROR] /C:/Users/Usuario/Documents/UTEC/volando_uy/volando_web/src/main/java/org/utec/volandouy/web/servlets/ConsultaCheckinServlet.java:[110,28] cannot find symbol
  symbol:   class Document
  location: class org.utec.volandouy.web.servlets.ConsultaCheckinServlet
[ERROR] /C:/Users/Usuario/Documents/UTEC/volando_uy/volando_web/src/main/java/org/utec/volandouy/web/servlets/ConsultaCheckinServlet.java:[110,37] cannot find symbol
  symbol:   variable PageSize
  location: class org.utec.volandouy.web.servlets.ConsultaCheckinServlet
[ERROR] /C:/Users/Usuario/Documents/UTEC/volando_uy/volando_web/src/main/java/org/utec/volandouy/web/servlets/ConsultaCheckinServlet.java:[111,9] cannot find symbol
  symbol:   variable PdfWriter
  location: class org.utec.volandouy.web.servlets.ConsultaCheckinServlet
[ERROR] /C:/Users/Usuario/Documents/UTEC/volando_uy/volando_web/src/main/java/org/utec/volandouy/web/servlets/ConsultaCheckinServlet.java:[119,17] cannot find symbol
  symbol:   class Image
  location: class org.utec.volandouy.web.servlets.ConsultaCheckinServlet
[ERROR] /C:/Users/Usuario/Documents/UTEC/volando_uy/volando_web/src/main/java/org/utec/volandouy/web/servlets/ConsultaCheckinServlet.java:[119,30] cannot find symbol
  symbol:   variable Image
  location: class org.utec.volandouy.web.servlets.ConsultaCheckinServlet
[ERROR] /C:/Users/Usuario/Documents/UTEC/volando_uy/volando_web/src/main/java/org/utec/volandouy/web/servlets/ConsultaCheckinServlet.java:[121,35] cannot find symbol
  symbol:   variable Element
  location: class org.utec.volandouy.web.servlets.ConsultaCheckinServlet
[ERROR] /C:/Users/Usuario/Documents/UTEC/volando_uy/volando_web/src/main/java/org/utec/volandouy/web/servlets/ConsultaCheckinServlet.java:[123,25] cannot find symbol
  symbol:   variable Chunk
  location: class org.utec.volandouy.web.servlets.ConsultaCheckinServlet
[ERROR] /C:/Users/Usuario/Documents/UTEC/volando_uy/volando_web/src/main/java/org/utec/volandouy/web/servlets/ConsultaCheckinServlet.java:[130,9] cannot find symbol
  symbol:   class Paragraph
  location: class org.utec.volandouy.web.servlets.ConsultaCheckinServlet
[ERROR] /C:/Users/Usuario/Documents/UTEC/volando_uy/volando_web/src/main/java/org/utec/volandouy/web/servlets/ConsultaCheckinServlet.java:[130,32] cannot find symbol
  symbol:   class Paragraph
  location: class org.utec.volandouy.web.servlets.ConsultaCheckinServlet
[ERROR] /C:/Users/Usuario/Documents/UTEC/volando_uy/volando_web/src/main/java/org/utec/volandouy/web/servlets/ConsultaCheckinServlet.java:[130,85] cannot find symbol
  symbol:   variable FontFactory
  location: class org.utec.volandouy.web.servlets.ConsultaCheckinServlet
[ERROR] /C:/Users/Usuario/Documents/UTEC/volando_uy/volando_web/src/main/java/org/utec/volandouy/web/servlets/ConsultaCheckinServlet.java:[130,65] cannot find symbol
  symbol:   variable FontFactory
  location: class org.utec.volandouy.web.servlets.ConsultaCheckinServlet
[ERROR] /C:/Users/Usuario/Documents/UTEC/volando_uy/volando_web/src/main/java/org/utec/volandouy/web/servlets/ConsultaCheckinServlet.java:[131,29] cannot find symbol
  symbol:   variable Element
  location: class org.utec.volandouy.web.servlets.ConsultaCheckinServlet
[ERROR] /C:/Users/Usuario/Documents/UTEC/volando_uy/volando_web/src/main/java/org/utec/volandouy/web/servlets/ConsultaCheckinServlet.java:[136,9] cannot find symbol
  symbol:   class Paragraph
  location: class org.utec.volandouy.web.servlets.ConsultaCheckinServlet
[ERROR] /C:/Users/Usuario/Documents/UTEC/volando_uy/volando_web/src/main/java/org/utec/volandouy/web/servlets/ConsultaCheckinServlet.java:[136,37] cannot find symbol
  symbol:   class Paragraph
  location: class org.utec.volandouy.web.servlets.ConsultaCheckinServlet
[ERROR] /C:/Users/Usuario/Documents/UTEC/volando_uy/volando_web/src/main/java/org/utec/volandouy/web/servlets/ConsultaCheckinServlet.java:[148,9] cannot find symbol
  symbol:   class PdfPTable
  location: class org.utec.volandouy.web.servlets.ConsultaCheckinServlet
[ERROR] /C:/Users/Usuario/Documents/UTEC/volando_uy/volando_web/src/main/java/org/utec/volandouy/web/servlets/ConsultaCheckinServlet.java:[148,31] cannot find symbol
  symbol:   class PdfPTable
  location: class org.utec.volandouy.web.servlets.ConsultaCheckinServlet
[ERROR] /C:/Users/Usuario/Documents/UTEC/volando_uy/volando_web/src/main/java/org/utec/volandouy/web/servlets/ConsultaCheckinServlet.java:[154,9] cannot find symbol
  symbol:   class Font
  location: class org.utec.volandouy.web.servlets.ConsultaCheckinServlet
[ERROR] /C:/Users/Usuario/Documents/UTEC/volando_uy/volando_web/src/main/java/org/utec/volandouy/web/servlets/ConsultaCheckinServlet.java:[154,47] cannot find symbol
  symbol:   variable FontFactory
  location: class org.utec.volandouy.web.servlets.ConsultaCheckinServlet
[ERROR] /C:/Users/Usuario/Documents/UTEC/volando_uy/volando_web/src/main/java/org/utec/volandouy/web/servlets/ConsultaCheckinServlet.java:[154,27] cannot find symbol
  symbol:   variable FontFactory
  location: class org.utec.volandouy.web.servlets.ConsultaCheckinServlet
[ERROR] /C:/Users/Usuario/Documents/UTEC/volando_uy/volando_web/src/main/java/org/utec/volandouy/web/servlets/ConsultaCheckinServlet.java:[155,9] cannot find symbol
  symbol:   class PdfPCell
  location: class org.utec.volandouy.web.servlets.ConsultaCheckinServlet
[ERROR] /C:/Users/Usuario/Documents/UTEC/volando_uy/volando_web/src/main/java/org/utec/volandouy/web/servlets/ConsultaCheckinServlet.java:[155,30] cannot find symbol
  symbol:   class PdfPCell
  location: class org.utec.volandouy.web.servlets.ConsultaCheckinServlet
[ERROR] /C:/Users/Usuario/Documents/UTEC/volando_uy/volando_web/src/main/java/org/utec/volandouy/web/servlets/ConsultaCheckinServlet.java:[155,43] cannot find symbol
  symbol:   class Phrase
  location: class org.utec.volandouy.web.servlets.ConsultaCheckinServlet
[ERROR] /C:/Users/Usuario/Documents/UTEC/volando_uy/volando_web/src/main/java/org/utec/volandouy/web/servlets/ConsultaCheckinServlet.java:[156,9] cannot find symbol
  symbol:   class PdfPCell
  location: class org.utec.volandouy.web.servlets.ConsultaCheckinServlet
[ERROR] /C:/Users/Usuario/Documents/UTEC/volando_uy/volando_web/src/main/java/org/utec/volandouy/web/servlets/ConsultaCheckinServlet.java:[156,30] cannot find symbol
  symbol:   class PdfPCell
  location: class org.utec.volandouy.web.servlets.ConsultaCheckinServlet
[ERROR] /C:/Users/Usuario/Documents/UTEC/volando_uy/volando_web/src/main/java/org/utec/volandouy/web/servlets/ConsultaCheckinServlet.java:[156,43] cannot find symbol
  symbol:   class Phrase
  location: class org.utec.volandouy.web.servlets.ConsultaCheckinServlet
[ERROR] /C:/Users/Usuario/Documents/UTEC/volando_uy/volando_web/src/main/java/org/utec/volandouy/web/servlets/ConsultaCheckinServlet.java:[157,9] cannot find symbol
  symbol:   class PdfPCell
  location: class org.utec.volandouy.web.servlets.ConsultaCheckinServlet
[ERROR] /C:/Users/Usuario/Documents/UTEC/volando_uy/volando_web/src/main/java/org/utec/volandouy/web/servlets/ConsultaCheckinServlet.java:[157,30] cannot find symbol
  symbol:   class PdfPCell
  location: class org.utec.volandouy.web.servlets.ConsultaCheckinServlet
[ERROR] /C:/Users/Usuario/Documents/UTEC/volando_uy/volando_web/src/main/java/org/utec/volandouy/web/servlets/ConsultaCheckinServlet.java:[157,43] cannot find symbol
  symbol:   class Phrase
  location: class org.utec.volandouy.web.servlets.ConsultaCheckinServlet
[ERROR] /C:/Users/Usuario/Documents/UTEC/volando_uy/volando_web/src/main/java/org/utec/volandouy/web/servlets/ConsultaCheckinServlet.java:[158,38] cannot find symbol
  symbol:   variable Element
  location: class org.utec.volandouy.web.servlets.ConsultaCheckinServlet
[ERROR] /C:/Users/Usuario/Documents/UTEC/volando_uy/volando_web/src/main/java/org/utec/volandouy/web/servlets/ConsultaCheckinServlet.java:[159,38] cannot find symbol
  symbol:   variable Element
  location: class org.utec.volandouy.web.servlets.ConsultaCheckinServlet
[ERROR] /C:/Users/Usuario/Documents/UTEC/volando_uy/volando_web/src/main/java/org/utec/volandouy/web/servlets/ConsultaCheckinServlet.java:[160,38] cannot find symbol
  symbol:   variable Element
  location: class org.utec.volandouy.web.servlets.ConsultaCheckinServlet
[ERROR] /C:/Users/Usuario/Documents/UTEC/volando_uy/volando_web/src/main/java/org/utec/volandouy/web/servlets/ConsultaCheckinServlet.java:[173,13] cannot find symbol
  symbol:   class PdfPCell
  location: class org.utec.volandouy.web.servlets.ConsultaCheckinServlet
[ERROR] /C:/Users/Usuario/Documents/UTEC/volando_uy/volando_web/src/main/java/org/utec/volandouy/web/servlets/ConsultaCheckinServlet.java:[173,35] cannot find symbol
  symbol:   class PdfPCell
  location: class org.utec.volandouy.web.servlets.ConsultaCheckinServlet
[ERROR] /C:/Users/Usuario/Documents/UTEC/volando_uy/volando_web/src/main/java/org/utec/volandouy/web/servlets/ConsultaCheckinServlet.java:[173,48] cannot find symbol
  symbol:   class Phrase
  location: class org.utec.volandouy.web.servlets.ConsultaCheckinServlet
[ERROR] /C:/Users/Usuario/Documents/UTEC/volando_uy/volando_web/src/main/java/org/utec/volandouy/web/servlets/ConsultaCheckinServlet.java:[173,95] cannot find symbol
  symbol:   variable FontFactory
  location: class org.utec.volandouy.web.servlets.ConsultaCheckinServlet
[ERROR] /C:/Users/Usuario/Documents/UTEC/volando_uy/volando_web/src/main/java/org/utec/volandouy/web/servlets/ConsultaCheckinServlet.java:[173,75] cannot find symbol
  symbol:   variable FontFactory
  location: class org.utec.volandouy.web.servlets.ConsultaCheckinServlet
[ERROR] /C:/Users/Usuario/Documents/UTEC/volando_uy/volando_web/src/main/java/org/utec/volandouy/web/servlets/ConsultaCheckinServlet.java:[175,43] cannot find symbol
  symbol:   variable Element
  location: class org.utec.volandouy.web.servlets.ConsultaCheckinServlet
[ERROR] /C:/Users/Usuario/Documents/UTEC/volando_uy/volando_web/src/main/java/org/utec/volandouy/web/servlets/ConsultaCheckinServlet.java:[182,9] cannot find symbol
  symbol:   class Paragraph
  location: class org.utec.volandouy.web.servlets.ConsultaCheckinServlet
[ERROR] /C:/Users/Usuario/Documents/UTEC/volando_uy/volando_web/src/main/java/org/utec/volandouy/web/servlets/ConsultaCheckinServlet.java:[182,32] cannot find symbol
  symbol:   class Paragraph
  location: class org.utec.volandouy.web.servlets.ConsultaCheckinServlet
[ERROR] /C:/Users/Usuario/Documents/UTEC/volando_uy/volando_web/src/main/java/org/utec/volandouy/web/servlets/ConsultaCheckinServlet.java:[182,78] cannot find symbol
  symbol:   variable FontFactory
  location: class org.utec.volandouy.web.servlets.ConsultaCheckinServlet
[ERROR] /C:/Users/Usuario/Documents/UTEC/volando_uy/volando_web/src/main/java/org/utec/volandouy/web/servlets/ConsultaCheckinServlet.java:[182,58] cannot find symbol
  symbol:   variable FontFactory
  location: class org.utec.volandouy.web.servlets.ConsultaCheckinServlet
[ERROR] /C:/Users/Usuario/Documents/UTEC/volando_uy/volando_web/src/main/java/org/utec/volandouy/web/servlets/ConsultaCheckinServlet.java:[183,29] cannot find symbol
  symbol:   variable Element
  location: class org.utec.volandouy.web.servlets.ConsultaCheckinServlet
[ERROR] /C:/Users/Usuario/Documents/UTEC/volando_uy/volando_web/src/main/java/org/utec/volandouy/web/servlets/ModUserServlet.java:[64,13] cannot find symbol
  symbol:   class TipoDoc
  location: class org.utec.volandouy.web.servlets.ModUserServlet
[ERROR] /C:/Users/Usuario/Documents/UTEC/volando_uy/volando_web/src/main/java/org/utec/volandouy/web/servlets/ModUserServlet.java:[68,31] cannot find symbol
  symbol:   variable TipoDoc
  location: class org.utec.volandouy.web.servlets.ModUserServlet
[ERROR] /C:/Users/Usuario/Documents/UTEC/volando_uy/volando_web/src/main/java/org/utec/volandouy/web/servlets/ModUserServlet.java:[77,28] cannot find symbol
  symbol:   variable BCrypt
  location: class org.utec.volandouy.web.servlets.ModUserServlet
[ERROR] /C:/Users/Usuario/Documents/UTEC/volando_uy/volando_web/src/main/java/org/utec/volandouy/web/servlets/ModUserServlet.java:[77,52] cannot find symbol
  symbol:   variable BCrypt
  location: class org.utec.volandouy.web.servlets.ModUserServlet
[ERROR] /C:/Users/Usuario/Documents/UTEC/volando_uy/volando_web/src/main/java/org/utec/volandouy/web/servlets/ModUserServlet.java:[124,29] cannot find symbol
  symbol:   variable BCrypt
  location: class org.utec.volandouy.web.servlets.ModUserServlet
[ERROR] /C:/Users/Usuario/Documents/UTEC/volando_uy/volando_web/src/main/java/org/utec/volandouy/web/servlets/ModUserServlet.java:[124,54] cannot find symbol
  symbol:   variable BCrypt
  location: class org.utec.volandouy.web.servlets.ModUserServlet
[INFO] 58 errors 
[INFO] -------------------------------------------------------------
[INFO] ------------------------------------------------------------------------
[INFO] BUILD FAILURE
[INFO] ------------------------------------------------------------------------
[INFO] Total time:  3.779 s
[INFO] Finished at: 2025-11-26T02:23:19-03:00
[INFO] ------------------------------------------------------------------------
[ERROR] Failed to execute goal org.apache.maven.plugins:maven-compiler-plugin:3.11.0:compile (default-compile) on project volandouy: Compilation failure: Compilation failure: 
[ERROR] /C:/Users/Usuario/Documents/UTEC/volando_uy/volando_web/src/main/java/org/utec/volandouy/web/servlets/testServlet.java:[13,9] cannot find symbol
[ERROR]   symbol:   class Sistema
[ERROR]   location: class org.utec.volandouy.web.servlets.testServlet
[ERROR] /C:/Users/Usuario/Documents/UTEC/volando_uy/volando_web/src/main/java/org/utec/volandouy/web/servlets/testServlet.java:[7,1] package sistema does not exist
[ERROR] /C:/Users/Usuario/Documents/UTEC/volando_uy/volando_web/src/main/java/org/utec/volandouy/web/servlets/ConsultaCheckinServlet.java:[109,75] cannot find symbol
[ERROR]   symbol:   class DocumentException
[ERROR]   location: class org.utec.volandouy.web.servlets.ConsultaCheckinServlet
[ERROR] /C:/Users/Usuario/Documents/UTEC/volando_uy/volando_web/src/main/java/org/utec/volandouy/web/servlets/ConsultaCheckinServlet.java:[4,1] package jakarta.persistence does not exist
[ERROR] /C:/Users/Usuario/Documents/UTEC/volando_uy/volando_web/src/main/java/org/utec/volandouy/web/servlets/ConsultaCheckinServlet.java:[15,1] package com.itextpdf.text does not exist
[ERROR] /C:/Users/Usuario/Documents/UTEC/volando_uy/volando_web/src/main/java/org/utec/volandouy/web/servlets/ConsultaCheckinServlet.java:[16,1] package com.itextpdf.text.pdf does not exist
[ERROR] /C:/Users/Usuario/Documents/UTEC/volando_uy/volando_web/src/main/java/org/utec/volandouy/web/servlets/ModUserServlet.java:[9,27] package org.mindrot.jbcrypt does not exist
[ERROR] /C:/Users/Usuario/Documents/UTEC/volando_uy/volando_web/src/main/java/org/utec/volandouy/web/servlets/ModUserServlet.java:[10,18] package data_types does not exist
[ERROR] /C:/Users/Usuario/Documents/UTEC/volando_uy/volando_web/src/main/java/org/utec/volandouy/web/servlets/testServlet.java:[13,21] cannot find symbol
[ERROR]   symbol:   variable Sistema
[ERROR]   location: class org.utec.volandouy.web.servlets.testServlet
[ERROR] /C:/Users/Usuario/Documents/UTEC/volando_uy/volando_web/src/main/java/org/utec/volandouy/web/servlets/ConsultaCheckinServlet.java:[110,9] cannot find symbol
[ERROR]   symbol:   class Document
[ERROR]   location: class org.utec.volandouy.web.servlets.ConsultaCheckinServlet
[ERROR] /C:/Users/Usuario/Documents/UTEC/volando_uy/volando_web/src/main/java/org/utec/volandouy/web/servlets/ConsultaCheckinServlet.java:[110,28] cannot find symbol
[ERROR]   symbol:   class Document
[ERROR]   location: class org.utec.volandouy.web.servlets.ConsultaCheckinServlet
[ERROR] /C:/Users/Usuario/Documents/UTEC/volando_uy/volando_web/src/main/java/org/utec/volandouy/web/servlets/ConsultaCheckinServlet.java:[110,37] cannot find symbol
[ERROR]   symbol:   variable PageSize
[ERROR]   location: class org.utec.volandouy.web.servlets.ConsultaCheckinServlet
[ERROR] /C:/Users/Usuario/Documents/UTEC/volando_uy/volando_web/src/main/java/org/utec/volandouy/web/servlets/ConsultaCheckinServlet.java:[111,9] cannot find symbol
[ERROR]   symbol:   variable PdfWriter
[ERROR]   location: class org.utec.volandouy.web.servlets.ConsultaCheckinServlet
[ERROR] /C:/Users/Usuario/Documents/UTEC/volando_uy/volando_web/src/main/java/org/utec/volandouy/web/servlets/ConsultaCheckinServlet.java:[119,17] cannot find symbol
[ERROR]   symbol:   class Image
[ERROR]   location: class org.utec.volandouy.web.servlets.ConsultaCheckinServlet
[ERROR] /C:/Users/Usuario/Documents/UTEC/volando_uy/volando_web/src/main/java/org/utec/volandouy/web/servlets/ConsultaCheckinServlet.java:[119,30] cannot find symbol
[ERROR]   symbol:   variable Image
[ERROR]   location: class org.utec.volandouy.web.servlets.ConsultaCheckinServlet
[ERROR] /C:/Users/Usuario/Documents/UTEC/volando_uy/volando_web/src/main/java/org/utec/volandouy/web/servlets/ConsultaCheckinServlet.java:[121,35] cannot find symbol
[ERROR]   symbol:   variable Element
[ERROR]   location: class org.utec.volandouy.web.servlets.ConsultaCheckinServlet
[ERROR] /C:/Users/Usuario/Documents/UTEC/volando_uy/volando_web/src/main/java/org/utec/volandouy/web/servlets/ConsultaCheckinServlet.java:[123,25] cannot find symbol
[ERROR]   symbol:   variable Chunk
[ERROR]   location: class org.utec.volandouy.web.servlets.ConsultaCheckinServlet
[ERROR] /C:/Users/Usuario/Documents/UTEC/volando_uy/volando_web/src/main/java/org/utec/volandouy/web/servlets/ConsultaCheckinServlet.java:[130,9] cannot find symbol
[ERROR]   symbol:   class Paragraph
[ERROR]   location: class org.utec.volandouy.web.servlets.ConsultaCheckinServlet
[ERROR] /C:/Users/Usuario/Documents/UTEC/volando_uy/volando_web/src/main/java/org/utec/volandouy/web/servlets/ConsultaCheckinServlet.java:[130,32] cannot find symbol
[ERROR]   symbol:   class Paragraph
[ERROR]   location: class org.utec.volandouy.web.servlets.ConsultaCheckinServlet
[ERROR] /C:/Users/Usuario/Documents/UTEC/volando_uy/volando_web/src/main/java/org/utec/volandouy/web/servlets/ConsultaCheckinServlet.java:[130,85] cannot find symbol
[ERROR]   symbol:   variable FontFactory
[ERROR]   location: class org.utec.volandouy.web.servlets.ConsultaCheckinServlet
[ERROR] /C:/Users/Usuario/Documents/UTEC/volando_uy/volando_web/src/main/java/org/utec/volandouy/web/servlets/ConsultaCheckinServlet.java:[130,65] cannot find symbol
[ERROR]   symbol:   variable FontFactory
[ERROR]   location: class org.utec.volandouy.web.servlets.ConsultaCheckinServlet
[ERROR] /C:/Users/Usuario/Documents/UTEC/volando_uy/volando_web/src/main/java/org/utec/volandouy/web/servlets/ConsultaCheckinServlet.java:[131,29] cannot find symbol
[ERROR]   symbol:   variable Element
[ERROR]   location: class org.utec.volandouy.web.servlets.ConsultaCheckinServlet
[ERROR] /C:/Users/Usuario/Documents/UTEC/volando_uy/volando_web/src/main/java/org/utec/volandouy/web/servlets/ConsultaCheckinServlet.java:[136,9] cannot find symbol
[ERROR]   symbol:   class Paragraph
[ERROR]   location: class org.utec.volandouy.web.servlets.ConsultaCheckinServlet
[ERROR] /C:/Users/Usuario/Documents/UTEC/volando_uy/volando_web/src/main/java/org/utec/volandouy/web/servlets/ConsultaCheckinServlet.java:[136,37] cannot find symbol
[ERROR]   symbol:   class Paragraph
[ERROR]   location: class org.utec.volandouy.web.servlets.ConsultaCheckinServlet
[ERROR] /C:/Users/Usuario/Documents/UTEC/volando_uy/volando_web/src/main/java/org/utec/volandouy/web/servlets/ConsultaCheckinServlet.java:[148,9] cannot find symbol
[ERROR]   symbol:   class PdfPTable
[ERROR]   location: class org.utec.volandouy.web.servlets.ConsultaCheckinServlet
[ERROR] /C:/Users/Usuario/Documents/UTEC/volando_uy/volando_web/src/main/java/org/utec/volandouy/web/servlets/ConsultaCheckinServlet.java:[148,31] cannot find symbol
[ERROR]   symbol:   class PdfPTable
[ERROR]   location: class org.utec.volandouy.web.servlets.ConsultaCheckinServlet
[ERROR] /C:/Users/Usuario/Documents/UTEC/volando_uy/volando_web/src/main/java/org/utec/volandouy/web/servlets/ConsultaCheckinServlet.java:[154,9] cannot find symbol
[ERROR]   symbol:   class Font
[ERROR]   location: class org.utec.volandouy.web.servlets.ConsultaCheckinServlet
[ERROR] /C:/Users/Usuario/Documents/UTEC/volando_uy/volando_web/src/main/java/org/utec/volandouy/web/servlets/ConsultaCheckinServlet.java:[154,47] cannot find symbol
[ERROR]   symbol:   variable FontFactory
[ERROR]   location: class org.utec.volandouy.web.servlets.ConsultaCheckinServlet
[ERROR] /C:/Users/Usuario/Documents/UTEC/volando_uy/volando_web/src/main/java/org/utec/volandouy/web/servlets/ConsultaCheckinServlet.java:[154,27] cannot find symbol
[ERROR]   symbol:   variable FontFactory
[ERROR]   location: class org.utec.volandouy.web.servlets.ConsultaCheckinServlet
[ERROR] /C:/Users/Usuario/Documents/UTEC/volando_uy/volando_web/src/main/java/org/utec/volandouy/web/servlets/ConsultaCheckinServlet.java:[155,9] cannot find symbol
[ERROR]   symbol:   class PdfPCell
[ERROR]   location: class org.utec.volandouy.web.servlets.ConsultaCheckinServlet
[ERROR] /C:/Users/Usuario/Documents/UTEC/volando_uy/volando_web/src/main/java/org/utec/volandouy/web/servlets/ConsultaCheckinServlet.java:[155,30] cannot find symbol
[ERROR]   symbol:   class PdfPCell
[ERROR]   location: class org.utec.volandouy.web.servlets.ConsultaCheckinServlet
[ERROR] /C:/Users/Usuario/Documents/UTEC/volando_uy/volando_web/src/main/java/org/utec/volandouy/web/servlets/ConsultaCheckinServlet.java:[155,43] cannot find symbol
[ERROR]   symbol:   class Phrase
[ERROR]   location: class org.utec.volandouy.web.servlets.ConsultaCheckinServlet
[ERROR] /C:/Users/Usuario/Documents/UTEC/volando_uy/volando_web/src/main/java/org/utec/volandouy/web/servlets/ConsultaCheckinServlet.java:[156,9] cannot find symbol
[ERROR]   symbol:   class PdfPCell
[ERROR]   location: class org.utec.volandouy.web.servlets.ConsultaCheckinServlet
[ERROR] /C:/Users/Usuario/Documents/UTEC/volando_uy/volando_web/src/main/java/org/utec/volandouy/web/servlets/ConsultaCheckinServlet.java:[156,30] cannot find symbol
[ERROR]   symbol:   class PdfPCell
[ERROR]   location: class org.utec.volandouy.web.servlets.ConsultaCheckinServlet
[ERROR] /C:/Users/Usuario/Documents/UTEC/volando_uy/volando_web/src/main/java/org/utec/volandouy/web/servlets/ConsultaCheckinServlet.java:[156,43] cannot find symbol
[ERROR]   symbol:   class Phrase
[ERROR]   location: class org.utec.volandouy.web.servlets.ConsultaCheckinServlet
[ERROR] /C:/Users/Usuario/Documents/UTEC/volando_uy/volando_web/src/main/java/org/utec/volandouy/web/servlets/ConsultaCheckinServlet.java:[157,9] cannot find symbol
[ERROR]   symbol:   class PdfPCell
[ERROR]   location: class org.utec.volandouy.web.servlets.ConsultaCheckinServlet
[ERROR] /C:/Users/Usuario/Documents/UTEC/volando_uy/volando_web/src/main/java/org/utec/volandouy/web/servlets/ConsultaCheckinServlet.java:[157,30] cannot find symbol
[ERROR]   symbol:   class PdfPCell
[ERROR]   location: class org.utec.volandouy.web.servlets.ConsultaCheckinServlet
[ERROR] /C:/Users/Usuario/Documents/UTEC/volando_uy/volando_web/src/main/java/org/utec/volandouy/web/servlets/ConsultaCheckinServlet.java:[157,43] cannot find symbol
[ERROR]   symbol:   class Phrase
[ERROR]   location: class org.utec.volandouy.web.servlets.ConsultaCheckinServlet
[ERROR] /C:/Users/Usuario/Documents/UTEC/volando_uy/volando_web/src/main/java/org/utec/volandouy/web/servlets/ConsultaCheckinServlet.java:[158,38] cannot find symbol
[ERROR]   symbol:   variable Element
[ERROR]   location: class org.utec.volandouy.web.servlets.ConsultaCheckinServlet
[ERROR] /C:/Users/Usuario/Documents/UTEC/volando_uy/volando_web/src/main/java/org/utec/volandouy/web/servlets/ConsultaCheckinServlet.java:[159,38] cannot find symbol
[ERROR]   symbol:   variable Element
[ERROR]   location: class org.utec.volandouy.web.servlets.ConsultaCheckinServlet
[ERROR] /C:/Users/Usuario/Documents/UTEC/volando_uy/volando_web/src/main/java/org/utec/volandouy/web/servlets/ConsultaCheckinServlet.java:[160,38] cannot find symbol
[ERROR]   symbol:   variable Element
[ERROR]   location: class org.utec.volandouy.web.servlets.ConsultaCheckinServlet
[ERROR] /C:/Users/Usuario/Documents/UTEC/volando_uy/volando_web/src/main/java/org/utec/volandouy/web/servlets/ConsultaCheckinServlet.java:[173,13] cannot find symbol
[ERROR]   symbol:   class PdfPCell
[ERROR]   location: class org.utec.volandouy.web.servlets.ConsultaCheckinServlet
[ERROR] /C:/Users/Usuario/Documents/UTEC/volando_uy/volando_web/src/main/java/org/utec/volandouy/web/servlets/ConsultaCheckinServlet.java:[173,35] cannot find symbol
[ERROR]   symbol:   class PdfPCell
[ERROR]   location: class org.utec.volandouy.web.servlets.ConsultaCheckinServlet
[ERROR] /C:/Users/Usuario/Documents/UTEC/volando_uy/volando_web/src/main/java/org/utec/volandouy/web/servlets/ConsultaCheckinServlet.java:[173,48] cannot find symbol
[ERROR]   symbol:   class Phrase
[ERROR]   location: class org.utec.volandouy.web.servlets.ConsultaCheckinServlet
[ERROR] /C:/Users/Usuario/Documents/UTEC/volando_uy/volando_web/src/main/java/org/utec/volandouy/web/servlets/ConsultaCheckinServlet.java:[173,95] cannot find symbol
[ERROR]   symbol:   variable FontFactory
[ERROR]   location: class org.utec.volandouy.web.servlets.ConsultaCheckinServlet
[ERROR] /C:/Users/Usuario/Documents/UTEC/volando_uy/volando_web/src/main/java/org/utec/volandouy/web/servlets/ConsultaCheckinServlet.java:[173,75] cannot find symbol
[ERROR]   symbol:   variable FontFactory
[ERROR]   location: class org.utec.volandouy.web.servlets.ConsultaCheckinServlet
[ERROR] /C:/Users/Usuario/Documents/UTEC/volando_uy/volando_web/src/main/java/org/utec/volandouy/web/servlets/ConsultaCheckinServlet.java:[175,43] cannot find symbol
[ERROR]   symbol:   variable Element
[ERROR]   location: class org.utec.volandouy.web.servlets.ConsultaCheckinServlet
[ERROR] /C:/Users/Usuario/Documents/UTEC/volando_uy/volando_web/src/main/java/org/utec/volandouy/web/servlets/ConsultaCheckinServlet.java:[182,9] cannot find symbol
[ERROR]   symbol:   class Paragraph
[ERROR]   location: class org.utec.volandouy.web.servlets.ConsultaCheckinServlet
[ERROR] /C:/Users/Usuario/Documents/UTEC/volando_uy/volando_web/src/main/java/org/utec/volandouy/web/servlets/ConsultaCheckinServlet.java:[182,32] cannot find symbol
[ERROR]   symbol:   class Paragraph
[ERROR]   location: class org.utec.volandouy.web.servlets.ConsultaCheckinServlet
[ERROR] /C:/Users/Usuario/Documents/UTEC/volando_uy/volando_web/src/main/java/org/utec/volandouy/web/servlets/ConsultaCheckinServlet.java:[182,78] cannot find symbol
[ERROR]   symbol:   variable FontFactory
[ERROR]   location: class org.utec.volandouy.web.servlets.ConsultaCheckinServlet
[ERROR] /C:/Users/Usuario/Documents/UTEC/volando_uy/volando_web/src/main/java/org/utec/volandouy/web/servlets/ConsultaCheckinServlet.java:[182,58] cannot find symbol
[ERROR]   symbol:   variable FontFactory
[ERROR]   location: class org.utec.volandouy.web.servlets.ConsultaCheckinServlet
[ERROR] /C:/Users/Usuario/Documents/UTEC/volando_uy/volando_web/src/main/java/org/utec/volandouy/web/servlets/ConsultaCheckinServlet.java:[183,29] cannot find symbol
[ERROR]   symbol:   variable Element
[ERROR]   location: class org.utec.volandouy.web.servlets.ConsultaCheckinServlet
[ERROR] /C:/Users/Usuario/Documents/UTEC/volando_uy/volando_web/src/main/java/org/utec/volandouy/web/servlets/ModUserServlet.java:[64,13] cannot find symbol
[ERROR]   symbol:   class TipoDoc
[ERROR]   location: class org.utec.volandouy.web.servlets.ModUserServlet
[ERROR] /C:/Users/Usuario/Documents/UTEC/volando_uy/volando_web/src/main/java/org/utec/volandouy/web/servlets/ModUserServlet.java:[68,31] cannot find symbol
[ERROR]   symbol:   variable TipoDoc
[ERROR]   location: class org.utec.volandouy.web.servlets.ModUserServlet
[ERROR] /C:/Users/Usuario/Documents/UTEC/volando_uy/volando_web/src/main/java/org/utec/volandouy/web/servlets/ModUserServlet.java:[77,28] cannot find symbol
[ERROR]   symbol:   variable BCrypt
[ERROR]   location: class org.utec.volandouy.web.servlets.ModUserServlet
[ERROR] /C:/Users/Usuario/Documents/UTEC/volando_uy/volando_web/src/main/java/org/utec/volandouy/web/servlets/ModUserServlet.java:[77,52] cannot find symbol
[ERROR]   symbol:   variable BCrypt
[ERROR]   location: class org.utec.volandouy.web.servlets.ModUserServlet
[ERROR] /C:/Users/Usuario/Documents/UTEC/volando_uy/volando_web/src/main/java/org/utec/volandouy/web/servlets/ModUserServlet.java:[124,29] cannot find symbol
[ERROR]   symbol:   variable BCrypt
[ERROR]   location: class org.utec.volandouy.web.servlets.ModUserServlet
[ERROR] /C:/Users/Usuario/Documents/UTEC/volando_uy/volando_web/src/main/java/org/utec/volandouy/web/servlets/ModUserServlet.java:[124,54] cannot find symbol
[ERROR]   symbol:   variable BCrypt
[ERROR]   location: class org.utec.volandouy.web.servlets.ModUserServlet
[ERROR] -> [Help 1]
[ERROR] 
[ERROR] To see the full stack trace of the errors, re-run Maven with the -e switch.
[ERROR] Re-run Maven using the -X switch to enable full debug logging.
[ERROR] 
[ERROR] For more information about the errors and possible solutions, please read the following articles:
[ERROR] [Help 1] http://cwiki.apache.org/confluence/display/MAVEN/MojoFailureException
